// Jest Snapshot v1, https://jestjs.io/docs/snapshot-testing

exports[`ReportingSystem Rendering and UI matches snapshot 1`] = `
<div>
  <div
    class="report-modal"
  >
    <div
      class="report-container"
    >
      <div
        class="report-header"
      >
        <div
          class="header-title"
        >
          <div
            data-testid="flag-icon"
            size="20"
          />
          <h2>
            Report 
            post
          </h2>
        </div>
        <button
          class="close-btn"
        >
          <div
            data-testid="x-icon"
            size="20"
          />
        </button>
      </div>
      <form
        class="report-form"
      >
        <div
          class="form-section"
        >
          <label
            class="section-label"
          >
            Why are you reporting this?
            <span
              class="required"
            >
              *
            </span>
          </label>
          <div
            class="categories-list"
          >
            <div
              class="category-wrapper"
            >
              <button
                class="category-item "
                type="button"
              >
                <div
                  class="category-left"
                >
                  <div
                    class="category-icon"
                  >
                    <div
                      data-testid="message-square-icon"
                      size="20"
                    />
                  </div>
                  <div
                    class="category-info"
                  >
                    <span
                      class="category-label"
                    >
                      Spam
                    </span>
                    <span
                      class="category-description"
                    >
                      Unsolicited or repetitive content
                    </span>
                  </div>
                </div>
                <div
                  class="category-arrow"
                >
                  <div
                    data-testid="chevron-right-icon"
                    size="16"
                  />
                </div>
              </button>
            </div>
            <div
              class="category-wrapper"
            >
              <button
                class="category-item "
                type="button"
              >
                <div
                  class="category-left"
                >
                  <div
                    class="category-icon"
                  >
                    <div
                      data-testid="user-icon"
                      size="20"
                    />
                  </div>
                  <div
                    class="category-info"
                  >
                    <span
                      class="category-label"
                    >
                      Harassment or Bullying
                    </span>
                    <span
                      class="category-description"
                    >
                      Targeted harassment or abusive behavior
                    </span>
                  </div>
                </div>
                <div
                  class="category-arrow"
                >
                  <div
                    data-testid="chevron-right-icon"
                    size="16"
                  />
                </div>
              </button>
            </div>
            <div
              class="category-wrapper"
            >
              <button
                class="category-item "
                type="button"
              >
                <div
                  class="category-left"
                >
                  <div
                    class="category-icon"
                  >
                    <div
                      data-testid="alert-triangle-icon"
                      size="20"
                    />
                  </div>
                  <div
                    class="category-info"
                  >
                    <span
                      class="category-label"
                    >
                      Inappropriate Content
                    </span>
                    <span
                      class="category-description"
                    >
                      Content that violates community guidelines
                    </span>
                  </div>
                </div>
                <div
                  class="category-arrow"
                >
                  <div
                    data-testid="chevron-right-icon"
                    size="16"
                  />
                </div>
              </button>
            </div>
            <div
              class="category-wrapper"
            >
              <button
                class="category-item "
                type="button"
              >
                <div
                  class="category-left"
                >
                  <div
                    class="category-icon"
                  >
                    <div
                      data-testid="alert-circle-icon"
                      size="20"
                    />
                  </div>
                  <div
                    class="category-info"
                  >
                    <span
                      class="category-label"
                    >
                      Misinformation
                    </span>
                    <span
                      class="category-description"
                    >
                      False or misleading information
                    </span>
                  </div>
                </div>
                <div
                  class="category-arrow"
                >
                  <div
                    data-testid="chevron-right-icon"
                    size="16"
                  />
                </div>
              </button>
            </div>
            <div
              class="category-wrapper"
            >
              <button
                class="category-item "
                type="button"
              >
                <div
                  class="category-left"
                >
                  <div
                    class="category-icon"
                  >
                    <div
                      data-testid="shield-icon"
                      size="20"
                    />
                  </div>
                  <div
                    class="category-info"
                  >
                    <span
                      class="category-label"
                    >
                      Copyright Violation
                    </span>
                    <span
                      class="category-description"
                    >
                      Unauthorized use of copyrighted material
                    </span>
                  </div>
                </div>
                <div
                  class="category-arrow"
                >
                  <div
                    data-testid="chevron-right-icon"
                    size="16"
                  />
                </div>
              </button>
            </div>
            <div
              class="category-wrapper"
            >
              <button
                class="category-item "
                type="button"
              >
                <div
                  class="category-left"
                >
                  <div
                    class="category-icon"
                  >
                    <div
                      data-testid="info-icon"
                      size="20"
                    />
                  </div>
                  <div
                    class="category-info"
                  >
                    <span
                      class="category-label"
                    >
                      Other
                    </span>
                    <span
                      class="category-description"
                    >
                      Report doesn't fit other categories
                    </span>
                  </div>
                </div>
                <div
                  class="category-arrow"
                >
                  <div
                    data-testid="chevron-right-icon"
                    size="16"
                  />
                </div>
              </button>
            </div>
          </div>
        </div>
        <div
          class="form-section"
        >
          <label
            class="section-label"
            for="details"
          >
            Additional Details
            <span
              class="optional"
            >
              (Optional)
            </span>
          </label>
          <textarea
            class="report-textarea"
            id="details"
            maxlength="500"
            placeholder="Provide any additional context that might help moderators..."
            rows="4"
          />
          <span
            class="char-count"
          >
            0
            /500
          </span>
        </div>
        <div
          class="form-section"
        >
          <label
            class="section-label"
          >
            Attachments
            <span
              class="optional"
            >
              (Optional, max 3)
            </span>
          </label>
          <label
            class="file-upload"
          >
            <input
              accept="image/*,.pdf,.txt"
              multiple=""
              style="display: none;"
              type="file"
            />
            <div
              data-testid="link-icon"
              size="16"
            />
            <span>
              Add screenshot or evidence
            </span>
          </label>
        </div>
        <div
          class="report-notice"
        >
          <div
            data-testid="info-icon"
            size="16"
          />
          <p>
            False reports may result in action being taken against your account. Please ensure your report is accurate and in good faith.
          </p>
        </div>
        <div
          class="form-actions"
        >
          <button
            class="btn-cancel"
            type="button"
          >
            Cancel
          </button>
          <button
            class="btn-submit"
            disabled=""
            type="submit"
          >
            <div
              data-testid="send-icon"
              size="16"
            />
            Submit Report
          </button>
        </div>
      </form>
    </div>
  </div>
</div>
`;

exports[`ReportingSystem Snapshot Tests matches snapshot with content preview 1`] = `
<div>
  <div
    class="report-modal"
  >
    <div
      class="report-container"
    >
      <div
        class="report-header"
      >
        <div
          class="header-title"
        >
          <div
            data-testid="flag-icon"
            size="20"
          />
          <h2>
            Report 
            post
          </h2>
        </div>
        <button
          class="close-btn"
        >
          <div
            data-testid="x-icon"
            size="20"
          />
        </button>
      </div>
      <div
        class="content-preview"
      >
        <div
          class="preview-header"
        >
          <span
            class="preview-label"
          >
            Reporting:
          </span>
        </div>
        <div
          class="preview-content"
        >
          <div
            class="preview-author"
          >
            <div
              data-testid="user-icon"
              size="14"
            />
            <span>
              testuser
            </span>
          </div>
          <p
            class="preview-text"
          >
            This is test content
          </p>
          <div
            class="preview-image"
          >
            <div
              data-testid="image-icon"
              size="14"
            />
            <span>
              Contains image
            </span>
          </div>
        </div>
      </div>
      <form
        class="report-form"
      >
        <div
          class="form-section"
        >
          <label
            class="section-label"
          >
            Why are you reporting this?
            <span
              class="required"
            >
              *
            </span>
          </label>
          <div
            class="categories-list"
          >
            <div
              class="category-wrapper"
            >
              <button
                class="category-item "
                type="button"
              >
                <div
                  class="category-left"
                >
                  <div
                    class="category-icon"
                  >
                    <div
                      data-testid="message-square-icon"
                      size="20"
                    />
                  </div>
                  <div
                    class="category-info"
                  >
                    <span
                      class="category-label"
                    >
                      Spam
                    </span>
                    <span
                      class="category-description"
                    >
                      Unsolicited or repetitive content
                    </span>
                  </div>
                </div>
                <div
                  class="category-arrow"
                >
                  <div
                    data-testid="chevron-right-icon"
                    size="16"
                  />
                </div>
              </button>
            </div>
            <div
              class="category-wrapper"
            >
              <button
                class="category-item "
                type="button"
              >
                <div
                  class="category-left"
                >
                  <div
                    class="category-icon"
                  >
                    <div
                      data-testid="user-icon"
                      size="20"
                    />
                  </div>
                  <div
                    class="category-info"
                  >
                    <span
                      class="category-label"
                    >
                      Harassment or Bullying
                    </span>
                    <span
                      class="category-description"
                    >
                      Targeted harassment or abusive behavior
                    </span>
                  </div>
                </div>
                <div
                  class="category-arrow"
                >
                  <div
                    data-testid="chevron-right-icon"
                    size="16"
                  />
                </div>
              </button>
            </div>
            <div
              class="category-wrapper"
            >
              <button
                class="category-item "
                type="button"
              >
                <div
                  class="category-left"
                >
                  <div
                    class="category-icon"
                  >
                    <div
                      data-testid="alert-triangle-icon"
                      size="20"
                    />
                  </div>
                  <div
                    class="category-info"
                  >
                    <span
                      class="category-label"
                    >
                      Inappropriate Content
                    </span>
                    <span
                      class="category-description"
                    >
                      Content that violates community guidelines
                    </span>
                  </div>
                </div>
                <div
                  class="category-arrow"
                >
                  <div
                    data-testid="chevron-right-icon"
                    size="16"
                  />
                </div>
              </button>
            </div>
            <div
              class="category-wrapper"
            >
              <button
                class="category-item "
                type="button"
              >
                <div
                  class="category-left"
                >
                  <div
                    class="category-icon"
                  >
                    <div
                      data-testid="alert-circle-icon"
                      size="20"
                    />
                  </div>
                  <div
                    class="category-info"
                  >
                    <span
                      class="category-label"
                    >
                      Misinformation
                    </span>
                    <span
                      class="category-description"
                    >
                      False or misleading information
                    </span>
                  </div>
                </div>
                <div
                  class="category-arrow"
                >
                  <div
                    data-testid="chevron-right-icon"
                    size="16"
                  />
                </div>
              </button>
            </div>
            <div
              class="category-wrapper"
            >
              <button
                class="category-item "
                type="button"
              >
                <div
                  class="category-left"
                >
                  <div
                    class="category-icon"
                  >
                    <div
                      data-testid="shield-icon"
                      size="20"
                    />
                  </div>
                  <div
                    class="category-info"
                  >
                    <span
                      class="category-label"
                    >
                      Copyright Violation
                    </span>
                    <span
                      class="category-description"
                    >
                      Unauthorized use of copyrighted material
                    </span>
                  </div>
                </div>
                <div
                  class="category-arrow"
                >
                  <div
                    data-testid="chevron-right-icon"
                    size="16"
                  />
                </div>
              </button>
            </div>
            <div
              class="category-wrapper"
            >
              <button
                class="category-item "
                type="button"
              >
                <div
                  class="category-left"
                >
                  <div
                    class="category-icon"
                  >
                    <div
                      data-testid="info-icon"
                      size="20"
                    />
                  </div>
                  <div
                    class="category-info"
                  >
                    <span
                      class="category-label"
                    >
                      Other
                    </span>
                    <span
                      class="category-description"
                    >
                      Report doesn't fit other categories
                    </span>
                  </div>
                </div>
                <div
                  class="category-arrow"
                >
                  <div
                    data-testid="chevron-right-icon"
                    size="16"
                  />
                </div>
              </button>
            </div>
          </div>
        </div>
        <div
          class="form-section"
        >
          <label
            class="section-label"
            for="details"
          >
            Additional Details
            <span
              class="optional"
            >
              (Optional)
            </span>
          </label>
          <textarea
            class="report-textarea"
            id="details"
            maxlength="500"
            placeholder="Provide any additional context that might help moderators..."
            rows="4"
          />
          <span
            class="char-count"
          >
            0
            /500
          </span>
        </div>
        <div
          class="form-section"
        >
          <label
            class="section-label"
          >
            Attachments
            <span
              class="optional"
            >
              (Optional, max 3)
            </span>
          </label>
          <label
            class="file-upload"
          >
            <input
              accept="image/*,.pdf,.txt"
              multiple=""
              style="display: none;"
              type="file"
            />
            <div
              data-testid="link-icon"
              size="16"
            />
            <span>
              Add screenshot or evidence
            </span>
          </label>
        </div>
        <div
          class="report-notice"
        >
          <div
            data-testid="info-icon"
            size="16"
          />
          <p>
            False reports may result in action being taken against your account. Please ensure your report is accurate and in good faith.
          </p>
        </div>
        <div
          class="form-actions"
        >
          <button
            class="btn-cancel"
            type="button"
          >
            Cancel
          </button>
          <button
            class="btn-submit"
            disabled=""
            type="submit"
          >
            <div
              data-testid="send-icon"
              size="16"
            />
            Submit Report
          </button>
        </div>
      </form>
    </div>
  </div>
</div>
`;

exports[`ReportingSystem Snapshot Tests matches snapshot with default props 1`] = `
<div>
  <div
    class="report-modal"
  >
    <div
      class="report-container"
    >
      <div
        class="report-header"
      >
        <div
          class="header-title"
        >
          <div
            data-testid="flag-icon"
            size="20"
          />
          <h2>
            Report 
            post
          </h2>
        </div>
        <button
          class="close-btn"
        >
          <div
            data-testid="x-icon"
            size="20"
          />
        </button>
      </div>
      <form
        class="report-form"
      >
        <div
          class="form-section"
        >
          <label
            class="section-label"
          >
            Why are you reporting this?
            <span
              class="required"
            >
              *
            </span>
          </label>
          <div
            class="categories-list"
          >
            <div
              class="category-wrapper"
            >
              <button
                class="category-item "
                type="button"
              >
                <div
                  class="category-left"
                >
                  <div
                    class="category-icon"
                  >
                    <div
                      data-testid="message-square-icon"
                      size="20"
                    />
                  </div>
                  <div
                    class="category-info"
                  >
                    <span
                      class="category-label"
                    >
                      Spam
                    </span>
                    <span
                      class="category-description"
                    >
                      Unsolicited or repetitive content
                    </span>
                  </div>
                </div>
                <div
                  class="category-arrow"
                >
                  <div
                    data-testid="chevron-right-icon"
                    size="16"
                  />
                </div>
              </button>
            </div>
            <div
              class="category-wrapper"
            >
              <button
                class="category-item "
                type="button"
              >
                <div
                  class="category-left"
                >
                  <div
                    class="category-icon"
                  >
                    <div
                      data-testid="user-icon"
                      size="20"
                    />
                  </div>
                  <div
                    class="category-info"
                  >
                    <span
                      class="category-label"
                    >
                      Harassment or Bullying
                    </span>
                    <span
                      class="category-description"
                    >
                      Targeted harassment or abusive behavior
                    </span>
                  </div>
                </div>
                <div
                  class="category-arrow"
                >
                  <div
                    data-testid="chevron-right-icon"
                    size="16"
                  />
                </div>
              </button>
            </div>
            <div
              class="category-wrapper"
            >
              <button
                class="category-item "
                type="button"
              >
                <div
                  class="category-left"
                >
                  <div
                    class="category-icon"
                  >
                    <div
                      data-testid="alert-triangle-icon"
                      size="20"
                    />
                  </div>
                  <div
                    class="category-info"
                  >
                    <span
                      class="category-label"
                    >
                      Inappropriate Content
                    </span>
                    <span
                      class="category-description"
                    >
                      Content that violates community guidelines
                    </span>
                  </div>
                </div>
                <div
                  class="category-arrow"
                >
                  <div
                    data-testid="chevron-right-icon"
                    size="16"
                  />
                </div>
              </button>
            </div>
            <div
              class="category-wrapper"
            >
              <button
                class="category-item "
                type="button"
              >
                <div
                  class="category-left"
                >
                  <div
                    class="category-icon"
                  >
                    <div
                      data-testid="alert-circle-icon"
                      size="20"
                    />
                  </div>
                  <div
                    class="category-info"
                  >
                    <span
                      class="category-label"
                    >
                      Misinformation
                    </span>
                    <span
                      class="category-description"
                    >
                      False or misleading information
                    </span>
                  </div>
                </div>
                <div
                  class="category-arrow"
                >
                  <div
                    data-testid="chevron-right-icon"
                    size="16"
                  />
                </div>
              </button>
            </div>
            <div
              class="category-wrapper"
            >
              <button
                class="category-item "
                type="button"
              >
                <div
                  class="category-left"
                >
                  <div
                    class="category-icon"
                  >
                    <div
                      data-testid="shield-icon"
                      size="20"
                    />
                  </div>
                  <div
                    class="category-info"
                  >
                    <span
                      class="category-label"
                    >
                      Copyright Violation
                    </span>
                    <span
                      class="category-description"
                    >
                      Unauthorized use of copyrighted material
                    </span>
                  </div>
                </div>
                <div
                  class="category-arrow"
                >
                  <div
                    data-testid="chevron-right-icon"
                    size="16"
                  />
                </div>
              </button>
            </div>
            <div
              class="category-wrapper"
            >
              <button
                class="category-item "
                type="button"
              >
                <div
                  class="category-left"
                >
                  <div
                    class="category-icon"
                  >
                    <div
                      data-testid="info-icon"
                      size="20"
                    />
                  </div>
                  <div
                    class="category-info"
                  >
                    <span
                      class="category-label"
                    >
                      Other
                    </span>
                    <span
                      class="category-description"
                    >
                      Report doesn't fit other categories
                    </span>
                  </div>
                </div>
                <div
                  class="category-arrow"
                >
                  <div
                    data-testid="chevron-right-icon"
                    size="16"
                  />
                </div>
              </button>
            </div>
          </div>
        </div>
        <div
          class="form-section"
        >
          <label
            class="section-label"
            for="details"
          >
            Additional Details
            <span
              class="optional"
            >
              (Optional)
            </span>
          </label>
          <textarea
            class="report-textarea"
            id="details"
            maxlength="500"
            placeholder="Provide any additional context that might help moderators..."
            rows="4"
          />
          <span
            class="char-count"
          >
            0
            /500
          </span>
        </div>
        <div
          class="form-section"
        >
          <label
            class="section-label"
          >
            Attachments
            <span
              class="optional"
            >
              (Optional, max 3)
            </span>
          </label>
          <label
            class="file-upload"
          >
            <input
              accept="image/*,.pdf,.txt"
              multiple=""
              style="display: none;"
              type="file"
            />
            <div
              data-testid="link-icon"
              size="16"
            />
            <span>
              Add screenshot or evidence
            </span>
          </label>
        </div>
        <div
          class="report-notice"
        >
          <div
            data-testid="info-icon"
            size="16"
          />
          <p>
            False reports may result in action being taken against your account. Please ensure your report is accurate and in good faith.
          </p>
        </div>
        <div
          class="form-actions"
        >
          <button
            class="btn-cancel"
            type="button"
          >
            Cancel
          </button>
          <button
            class="btn-submit"
            disabled=""
            type="submit"
          >
            <div
              data-testid="send-icon"
              size="16"
            />
            Submit Report
          </button>
        </div>
      </form>
    </div>
  </div>
</div>
`;

exports[`ReportingSystem Snapshot Tests matches snapshot with filled form 1`] = `
<div>
  <div
    class="report-modal"
  >
    <div
      class="report-container"
    >
      <div
        class="report-header"
      >
        <div
          class="header-title"
        >
          <div
            data-testid="flag-icon"
            size="20"
          />
          <h2>
            Report 
            post
          </h2>
        </div>
        <button
          class="close-btn"
        >
          <div
            data-testid="x-icon"
            size="20"
          />
        </button>
      </div>
      <form
        class="report-form"
      >
        <div
          class="form-section"
        >
          <label
            class="section-label"
          >
            Why are you reporting this?
            <span
              class="required"
            >
              *
            </span>
          </label>
          <div
            class="categories-list"
          >
            <div
              class="category-wrapper"
            >
              <button
                class="category-item selected"
                type="button"
              >
                <div
                  class="category-left"
                >
                  <div
                    class="category-icon"
                  >
                    <div
                      data-testid="message-square-icon"
                      size="20"
                    />
                  </div>
                  <div
                    class="category-info"
                  >
                    <span
                      class="category-label"
                    >
                      Spam
                    </span>
                    <span
                      class="category-description"
                    >
                      Unsolicited or repetitive content
                    </span>
                  </div>
                </div>
                <div
                  class="category-arrow"
                >
                  <div
                    data-testid="chevron-down-icon"
                    size="16"
                  />
                </div>
              </button>
              <div
                class="reasons-list"
              >
                <button
                  class="reason-item selected"
                  type="button"
                >
                  <span
                    class="reason-checkbox"
                  >
                    <div
                      data-testid="check-icon"
                      size="14"
                    />
                  </span>
                  <span
                    class="reason-text"
                  >
                    Excessive promotional content
                  </span>
                </button>
                <button
                  class="reason-item "
                  type="button"
                >
                  <span
                    class="reason-checkbox"
                  />
                  <span
                    class="reason-text"
                  >
                    Repetitive posts/comments
                  </span>
                </button>
                <button
                  class="reason-item "
                  type="button"
                >
                  <span
                    class="reason-checkbox"
                  />
                  <span
                    class="reason-text"
                  >
                    Bot activity
                  </span>
                </button>
                <button
                  class="reason-item "
                  type="button"
                >
                  <span
                    class="reason-checkbox"
                  />
                  <span
                    class="reason-text"
                  >
                    Link farming
                  </span>
                </button>
                <button
                  class="reason-item "
                  type="button"
                >
                  <span
                    class="reason-checkbox"
                  />
                  <span
                    class="reason-text"
                  >
                    Misleading clickbait
                  </span>
                </button>
              </div>
            </div>
            <div
              class="category-wrapper"
            >
              <button
                class="category-item "
                type="button"
              >
                <div
                  class="category-left"
                >
                  <div
                    class="category-icon"
                  >
                    <div
                      data-testid="user-icon"
                      size="20"
                    />
                  </div>
                  <div
                    class="category-info"
                  >
                    <span
                      class="category-label"
                    >
                      Harassment or Bullying
                    </span>
                    <span
                      class="category-description"
                    >
                      Targeted harassment or abusive behavior
                    </span>
                  </div>
                </div>
                <div
                  class="category-arrow"
                >
                  <div
                    data-testid="chevron-right-icon"
                    size="16"
                  />
                </div>
              </button>
            </div>
            <div
              class="category-wrapper"
            >
              <button
                class="category-item "
                type="button"
              >
                <div
                  class="category-left"
                >
                  <div
                    class="category-icon"
                  >
                    <div
                      data-testid="alert-triangle-icon"
                      size="20"
                    />
                  </div>
                  <div
                    class="category-info"
                  >
                    <span
                      class="category-label"
                    >
                      Inappropriate Content
                    </span>
                    <span
                      class="category-description"
                    >
                      Content that violates community guidelines
                    </span>
                  </div>
                </div>
                <div
                  class="category-arrow"
                >
                  <div
                    data-testid="chevron-right-icon"
                    size="16"
                  />
                </div>
              </button>
            </div>
            <div
              class="category-wrapper"
            >
              <button
                class="category-item "
                type="button"
              >
                <div
                  class="category-left"
                >
                  <div
                    class="category-icon"
                  >
                    <div
                      data-testid="alert-circle-icon"
                      size="20"
                    />
                  </div>
                  <div
                    class="category-info"
                  >
                    <span
                      class="category-label"
                    >
                      Misinformation
                    </span>
                    <span
                      class="category-description"
                    >
                      False or misleading information
                    </span>
                  </div>
                </div>
                <div
                  class="category-arrow"
                >
                  <div
                    data-testid="chevron-right-icon"
                    size="16"
                  />
                </div>
              </button>
            </div>
            <div
              class="category-wrapper"
            >
              <button
                class="category-item "
                type="button"
              >
                <div
                  class="category-left"
                >
                  <div
                    class="category-icon"
                  >
                    <div
                      data-testid="shield-icon"
                      size="20"
                    />
                  </div>
                  <div
                    class="category-info"
                  >
                    <span
                      class="category-label"
                    >
                      Copyright Violation
                    </span>
                    <span
                      class="category-description"
                    >
                      Unauthorized use of copyrighted material
                    </span>
                  </div>
                </div>
                <div
                  class="category-arrow"
                >
                  <div
                    data-testid="chevron-right-icon"
                    size="16"
                  />
                </div>
              </button>
            </div>
            <div
              class="category-wrapper"
            >
              <button
                class="category-item "
                type="button"
              >
                <div
                  class="category-left"
                >
                  <div
                    class="category-icon"
                  >
                    <div
                      data-testid="info-icon"
                      size="20"
                    />
                  </div>
                  <div
                    class="category-info"
                  >
                    <span
                      class="category-label"
                    >
                      Other
                    </span>
                    <span
                      class="category-description"
                    >
                      Report doesn't fit other categories
                    </span>
                  </div>
                </div>
                <div
                  class="category-arrow"
                >
                  <div
                    data-testid="chevron-right-icon"
                    size="16"
                  />
                </div>
              </button>
            </div>
          </div>
        </div>
        <div
          class="form-section"
        >
          <label
            class="section-label"
            for="details"
          >
            Additional Details
            <span
              class="optional"
            >
              (Optional)
            </span>
          </label>
          <textarea
            class="report-textarea"
            id="details"
            maxlength="500"
            placeholder="Provide any additional context that might help moderators..."
            rows="4"
          >
            Additional details
          </textarea>
          <span
            class="char-count"
          >
            18
            /500
          </span>
        </div>
        <div
          class="form-section"
        >
          <label
            class="section-label"
          >
            Attachments
            <span
              class="optional"
            >
              (Optional, max 3)
            </span>
          </label>
          <label
            class="file-upload"
          >
            <input
              accept="image/*,.pdf,.txt"
              multiple=""
              style="display: none;"
              type="file"
            />
            <div
              data-testid="link-icon"
              size="16"
            />
            <span>
              Add screenshot or evidence
            </span>
          </label>
        </div>
        <div
          class="report-notice"
        >
          <div
            data-testid="info-icon"
            size="16"
          />
          <p>
            False reports may result in action being taken against your account. Please ensure your report is accurate and in good faith.
          </p>
        </div>
        <div
          class="form-actions"
        >
          <button
            class="btn-cancel"
            type="button"
          >
            Cancel
          </button>
          <button
            class="btn-submit"
            type="submit"
          >
            <div
              data-testid="send-icon"
              size="16"
            />
            Submit Report
          </button>
        </div>
      </form>
    </div>
  </div>
</div>
`;

exports[`ReportingSystem Snapshot Tests matches snapshot with selected category 1`] = `
<div>
  <div
    class="report-modal"
  >
    <div
      class="report-container"
    >
      <div
        class="report-header"
      >
        <div
          class="header-title"
        >
          <div
            data-testid="flag-icon"
            size="20"
          />
          <h2>
            Report 
            post
          </h2>
        </div>
        <button
          class="close-btn"
        >
          <div
            data-testid="x-icon"
            size="20"
          />
        </button>
      </div>
      <form
        class="report-form"
      >
        <div
          class="form-section"
        >
          <label
            class="section-label"
          >
            Why are you reporting this?
            <span
              class="required"
            >
              *
            </span>
          </label>
          <div
            class="categories-list"
          >
            <div
              class="category-wrapper"
            >
              <button
                class="category-item selected"
                type="button"
              >
                <div
                  class="category-left"
                >
                  <div
                    class="category-icon"
                  >
                    <div
                      data-testid="message-square-icon"
                      size="20"
                    />
                  </div>
                  <div
                    class="category-info"
                  >
                    <span
                      class="category-label"
                    >
                      Spam
                    </span>
                    <span
                      class="category-description"
                    >
                      Unsolicited or repetitive content
                    </span>
                  </div>
                </div>
                <div
                  class="category-arrow"
                >
                  <div
                    data-testid="chevron-down-icon"
                    size="16"
                  />
                </div>
              </button>
              <div
                class="reasons-list"
              >
                <button
                  class="reason-item "
                  type="button"
                >
                  <span
                    class="reason-checkbox"
                  />
                  <span
                    class="reason-text"
                  >
                    Excessive promotional content
                  </span>
                </button>
                <button
                  class="reason-item "
                  type="button"
                >
                  <span
                    class="reason-checkbox"
                  />
                  <span
                    class="reason-text"
                  >
                    Repetitive posts/comments
                  </span>
                </button>
                <button
                  class="reason-item "
                  type="button"
                >
                  <span
                    class="reason-checkbox"
                  />
                  <span
                    class="reason-text"
                  >
                    Bot activity
                  </span>
                </button>
                <button
                  class="reason-item "
                  type="button"
                >
                  <span
                    class="reason-checkbox"
                  />
                  <span
                    class="reason-text"
                  >
                    Link farming
                  </span>
                </button>
                <button
                  class="reason-item "
                  type="button"
                >
                  <span
                    class="reason-checkbox"
                  />
                  <span
                    class="reason-text"
                  >
                    Misleading clickbait
                  </span>
                </button>
              </div>
            </div>
            <div
              class="category-wrapper"
            >
              <button
                class="category-item "
                type="button"
              >
                <div
                  class="category-left"
                >
                  <div
                    class="category-icon"
                  >
                    <div
                      data-testid="user-icon"
                      size="20"
                    />
                  </div>
                  <div
                    class="category-info"
                  >
                    <span
                      class="category-label"
                    >
                      Harassment or Bullying
                    </span>
                    <span
                      class="category-description"
                    >
                      Targeted harassment or abusive behavior
                    </span>
                  </div>
                </div>
                <div
                  class="category-arrow"
                >
                  <div
                    data-testid="chevron-right-icon"
                    size="16"
                  />
                </div>
              </button>
            </div>
            <div
              class="category-wrapper"
            >
              <button
                class="category-item "
                type="button"
              >
                <div
                  class="category-left"
                >
                  <div
                    class="category-icon"
                  >
                    <div
                      data-testid="alert-triangle-icon"
                      size="20"
                    />
                  </div>
                  <div
                    class="category-info"
                  >
                    <span
                      class="category-label"
                    >
                      Inappropriate Content
                    </span>
                    <span
                      class="category-description"
                    >
                      Content that violates community guidelines
                    </span>
                  </div>
                </div>
                <div
                  class="category-arrow"
                >
                  <div
                    data-testid="chevron-right-icon"
                    size="16"
                  />
                </div>
              </button>
            </div>
            <div
              class="category-wrapper"
            >
              <button
                class="category-item "
                type="button"
              >
                <div
                  class="category-left"
                >
                  <div
                    class="category-icon"
                  >
                    <div
                      data-testid="alert-circle-icon"
                      size="20"
                    />
                  </div>
                  <div
                    class="category-info"
                  >
                    <span
                      class="category-label"
                    >
                      Misinformation
                    </span>
                    <span
                      class="category-description"
                    >
                      False or misleading information
                    </span>
                  </div>
                </div>
                <div
                  class="category-arrow"
                >
                  <div
                    data-testid="chevron-right-icon"
                    size="16"
                  />
                </div>
              </button>
            </div>
            <div
              class="category-wrapper"
            >
              <button
                class="category-item "
                type="button"
              >
                <div
                  class="category-left"
                >
                  <div
                    class="category-icon"
                  >
                    <div
                      data-testid="shield-icon"
                      size="20"
                    />
                  </div>
                  <div
                    class="category-info"
                  >
                    <span
                      class="category-label"
                    >
                      Copyright Violation
                    </span>
                    <span
                      class="category-description"
                    >
                      Unauthorized use of copyrighted material
                    </span>
                  </div>
                </div>
                <div
                  class="category-arrow"
                >
                  <div
                    data-testid="chevron-right-icon"
                    size="16"
                  />
                </div>
              </button>
            </div>
            <div
              class="category-wrapper"
            >
              <button
                class="category-item "
                type="button"
              >
                <div
                  class="category-left"
                >
                  <div
                    class="category-icon"
                  >
                    <div
                      data-testid="info-icon"
                      size="20"
                    />
                  </div>
                  <div
                    class="category-info"
                  >
                    <span
                      class="category-label"
                    >
                      Other
                    </span>
                    <span
                      class="category-description"
                    >
                      Report doesn't fit other categories
                    </span>
                  </div>
                </div>
                <div
                  class="category-arrow"
                >
                  <div
                    data-testid="chevron-right-icon"
                    size="16"
                  />
                </div>
              </button>
            </div>
          </div>
        </div>
        <div
          class="form-section"
        >
          <label
            class="section-label"
            for="details"
          >
            Additional Details
            <span
              class="optional"
            >
              (Optional)
            </span>
          </label>
          <textarea
            class="report-textarea"
            id="details"
            maxlength="500"
            placeholder="Provide any additional context that might help moderators..."
            rows="4"
          />
          <span
            class="char-count"
          >
            0
            /500
          </span>
        </div>
        <div
          class="form-section"
        >
          <label
            class="section-label"
          >
            Attachments
            <span
              class="optional"
            >
              (Optional, max 3)
            </span>
          </label>
          <label
            class="file-upload"
          >
            <input
              accept="image/*,.pdf,.txt"
              multiple=""
              style="display: none;"
              type="file"
            />
            <div
              data-testid="link-icon"
              size="16"
            />
            <span>
              Add screenshot or evidence
            </span>
          </label>
        </div>
        <div
          class="report-notice"
        >
          <div
            data-testid="info-icon"
            size="16"
          />
          <p>
            False reports may result in action being taken against your account. Please ensure your report is accurate and in good faith.
          </p>
        </div>
        <div
          class="form-actions"
        >
          <button
            class="btn-cancel"
            type="button"
          >
            Cancel
          </button>
          <button
            class="btn-submit"
            disabled=""
            type="submit"
          >
            <div
              data-testid="send-icon"
              size="16"
            />
            Submit Report
          </button>
        </div>
      </form>
    </div>
  </div>
</div>
`;

exports[`ReportingSystem Snapshot Tests matches snapshot with selected reason 1`] = `
<div>
  <div
    class="report-modal"
  >
    <div
      class="report-container"
    >
      <div
        class="report-header"
      >
        <div
          class="header-title"
        >
          <div
            data-testid="flag-icon"
            size="20"
          />
          <h2>
            Report 
            post
          </h2>
        </div>
        <button
          class="close-btn"
        >
          <div
            data-testid="x-icon"
            size="20"
          />
        </button>
      </div>
      <form
        class="report-form"
      >
        <div
          class="form-section"
        >
          <label
            class="section-label"
          >
            Why are you reporting this?
            <span
              class="required"
            >
              *
            </span>
          </label>
          <div
            class="categories-list"
          >
            <div
              class="category-wrapper"
            >
              <button
                class="category-item selected"
                type="button"
              >
                <div
                  class="category-left"
                >
                  <div
                    class="category-icon"
                  >
                    <div
                      data-testid="message-square-icon"
                      size="20"
                    />
                  </div>
                  <div
                    class="category-info"
                  >
                    <span
                      class="category-label"
                    >
                      Spam
                    </span>
                    <span
                      class="category-description"
                    >
                      Unsolicited or repetitive content
                    </span>
                  </div>
                </div>
                <div
                  class="category-arrow"
                >
                  <div
                    data-testid="chevron-down-icon"
                    size="16"
                  />
                </div>
              </button>
              <div
                class="reasons-list"
              >
                <button
                  class="reason-item selected"
                  type="button"
                >
                  <span
                    class="reason-checkbox"
                  >
                    <div
                      data-testid="check-icon"
                      size="14"
                    />
                  </span>
                  <span
                    class="reason-text"
                  >
                    Excessive promotional content
                  </span>
                </button>
                <button
                  class="reason-item "
                  type="button"
                >
                  <span
                    class="reason-checkbox"
                  />
                  <span
                    class="reason-text"
                  >
                    Repetitive posts/comments
                  </span>
                </button>
                <button
                  class="reason-item "
                  type="button"
                >
                  <span
                    class="reason-checkbox"
                  />
                  <span
                    class="reason-text"
                  >
                    Bot activity
                  </span>
                </button>
                <button
                  class="reason-item "
                  type="button"
                >
                  <span
                    class="reason-checkbox"
                  />
                  <span
                    class="reason-text"
                  >
                    Link farming
                  </span>
                </button>
                <button
                  class="reason-item "
                  type="button"
                >
                  <span
                    class="reason-checkbox"
                  />
                  <span
                    class="reason-text"
                  >
                    Misleading clickbait
                  </span>
                </button>
              </div>
            </div>
            <div
              class="category-wrapper"
            >
              <button
                class="category-item "
                type="button"
              >
                <div
                  class="category-left"
                >
                  <div
                    class="category-icon"
                  >
                    <div
                      data-testid="user-icon"
                      size="20"
                    />
                  </div>
                  <div
                    class="category-info"
                  >
                    <span
                      class="category-label"
                    >
                      Harassment or Bullying
                    </span>
                    <span
                      class="category-description"
                    >
                      Targeted harassment or abusive behavior
                    </span>
                  </div>
                </div>
                <div
                  class="category-arrow"
                >
                  <div
                    data-testid="chevron-right-icon"
                    size="16"
                  />
                </div>
              </button>
            </div>
            <div
              class="category-wrapper"
            >
              <button
                class="category-item "
                type="button"
              >
                <div
                  class="category-left"
                >
                  <div
                    class="category-icon"
                  >
                    <div
                      data-testid="alert-triangle-icon"
                      size="20"
                    />
                  </div>
                  <div
                    class="category-info"
                  >
                    <span
                      class="category-label"
                    >
                      Inappropriate Content
                    </span>
                    <span
                      class="category-description"
                    >
                      Content that violates community guidelines
                    </span>
                  </div>
                </div>
                <div
                  class="category-arrow"
                >
                  <div
                    data-testid="chevron-right-icon"
                    size="16"
                  />
                </div>
              </button>
            </div>
            <div
              class="category-wrapper"
            >
              <button
                class="category-item "
                type="button"
              >
                <div
                  class="category-left"
                >
                  <div
                    class="category-icon"
                  >
                    <div
                      data-testid="alert-circle-icon"
                      size="20"
                    />
                  </div>
                  <div
                    class="category-info"
                  >
                    <span
                      class="category-label"
                    >
                      Misinformation
                    </span>
                    <span
                      class="category-description"
                    >
                      False or misleading information
                    </span>
                  </div>
                </div>
                <div
                  class="category-arrow"
                >
                  <div
                    data-testid="chevron-right-icon"
                    size="16"
                  />
                </div>
              </button>
            </div>
            <div
              class="category-wrapper"
            >
              <button
                class="category-item "
                type="button"
              >
                <div
                  class="category-left"
                >
                  <div
                    class="category-icon"
                  >
                    <div
                      data-testid="shield-icon"
                      size="20"
                    />
                  </div>
                  <div
                    class="category-info"
                  >
                    <span
                      class="category-label"
                    >
                      Copyright Violation
                    </span>
                    <span
                      class="category-description"
                    >
                      Unauthorized use of copyrighted material
                    </span>
                  </div>
                </div>
                <div
                  class="category-arrow"
                >
                  <div
                    data-testid="chevron-right-icon"
                    size="16"
                  />
                </div>
              </button>
            </div>
            <div
              class="category-wrapper"
            >
              <button
                class="category-item "
                type="button"
              >
                <div
                  class="category-left"
                >
                  <div
                    class="category-icon"
                  >
                    <div
                      data-testid="info-icon"
                      size="20"
                    />
                  </div>
                  <div
                    class="category-info"
                  >
                    <span
                      class="category-label"
                    >
                      Other
                    </span>
                    <span
                      class="category-description"
                    >
                      Report doesn't fit other categories
                    </span>
                  </div>
                </div>
                <div
                  class="category-arrow"
                >
                  <div
                    data-testid="chevron-right-icon"
                    size="16"
                  />
                </div>
              </button>
            </div>
          </div>
        </div>
        <div
          class="form-section"
        >
          <label
            class="section-label"
            for="details"
          >
            Additional Details
            <span
              class="optional"
            >
              (Optional)
            </span>
          </label>
          <textarea
            class="report-textarea"
            id="details"
            maxlength="500"
            placeholder="Provide any additional context that might help moderators..."
            rows="4"
          />
          <span
            class="char-count"
          >
            0
            /500
          </span>
        </div>
        <div
          class="form-section"
        >
          <label
            class="section-label"
          >
            Attachments
            <span
              class="optional"
            >
              (Optional, max 3)
            </span>
          </label>
          <label
            class="file-upload"
          >
            <input
              accept="image/*,.pdf,.txt"
              multiple=""
              style="display: none;"
              type="file"
            />
            <div
              data-testid="link-icon"
              size="16"
            />
            <span>
              Add screenshot or evidence
            </span>
          </label>
        </div>
        <div
          class="report-notice"
        >
          <div
            data-testid="info-icon"
            size="16"
          />
          <p>
            False reports may result in action being taken against your account. Please ensure your report is accurate and in good faith.
          </p>
        </div>
        <div
          class="form-actions"
        >
          <button
            class="btn-cancel"
            type="button"
          >
            Cancel
          </button>
          <button
            class="btn-submit"
            type="submit"
          >
            <div
              data-testid="send-icon"
              size="16"
            />
            Submit Report
          </button>
        </div>
      </form>
    </div>
  </div>
</div>
`;

exports[`ReportingSystem Success State matches success snapshot 1`] = `
<div>
  <div
    class="report-modal"
  >
    <div
      class="report-container"
    >
      <div
        class="report-success"
      >
        <div
          class="success-icon"
        >
          <div
            data-testid="check-icon"
            size="48"
          />
        </div>
        <h2>
          Report Submitted
        </h2>
        <p>
          Thank you for helping keep our community safe.
        </p>
        <p
          class="success-subtitle"
        >
          Our moderation team will review your report and take appropriate action.
        </p>
      </div>
    </div>
  </div>
</div>
`;
