// Jest Snapshot v1, https://jestjs.io/docs/snapshot-testing

exports[`AccountSettingsPage Snapshots matches snapshot for default state 1`] = `
<div
  aria-label="Account settings page"
  class="min-h-screen bg-[#0A0A0B] p-6"
  role="main"
>
  <div
    class="max-w-6xl mx-auto"
  >
    <div
      animate="[object Object]"
      class="bg-white dark:bg-gray-800 rounded-3xl p-8 shadow-xl"
      initial="[object Object]"
    >
      <h1
        class="text-3xl font-bold mb-6 text-gray-900 dark:text-white"
      >
        AccountSettingsPage
      </h1>
      <p
        class="text-gray-600 dark:text-gray-400"
      >
        This is the AccountSettingsPage page. Content will be implemented here.
      </p>
    </div>
  </div>
</div>
`;

exports[`AccountSettingsPage Snapshots matches snapshot for unauthenticated state 1`] = `
<div
  aria-label="Account settings page"
  class="min-h-screen bg-[#0A0A0B] p-6"
  role="main"
>
  <div
    class="max-w-6xl mx-auto"
  >
    <div
      animate="[object Object]"
      class="bg-white dark:bg-gray-800 rounded-3xl p-8 shadow-xl"
      initial="[object Object]"
    >
      <h1
        class="text-3xl font-bold mb-6 text-gray-900 dark:text-white"
      >
        AccountSettingsPage
      </h1>
      <p
        class="text-gray-600 dark:text-gray-400"
      >
        This is the AccountSettingsPage page. Content will be implemented here.
      </p>
    </div>
  </div>
</div>
`;

exports[`AccountSettingsPage Snapshots matches snapshot with loading state 1`] = `
<div
  aria-label="Account settings page"
  class="min-h-screen bg-[#0A0A0B] p-6"
  role="main"
>
  <div
    class="max-w-6xl mx-auto"
  >
    <div
      animate="[object Object]"
      class="bg-white dark:bg-gray-800 rounded-3xl p-8 shadow-xl"
      initial="[object Object]"
    >
      <h1
        class="text-3xl font-bold mb-6 text-gray-900 dark:text-white"
      >
        AccountSettingsPage
      </h1>
      <p
        class="text-gray-600 dark:text-gray-400"
      >
        This is the AccountSettingsPage page. Content will be implemented here.
      </p>
    </div>
  </div>
</div>
`;
